// Vitest Snapshot v1, https://vitest.dev/guide/snapshot.html

exports[`matches snapshot 1`] = `
<div>
  <fieldset
    class="_fields_acb69a"
  >
    <label>
      <div>
        Property
      </div>
      <input
        class="_textBox_acb69a"
        placeholder="Property"
        type="text"
        value="res"
      />
    </label>
    <label>
      <div>
        Type
      </div>
      <input
        class="_textBox_acb69a"
        disabled=""
        placeholder="Value"
        type="text"
        value="object"
      />
    </label>
    <label
      class="_fullWidth_acb69a"
    >
      <div>
        Value
      </div>
      <span
        class="_textBoxControls_acb69a"
      >
        <input
          class="_textBox_acb69a"
          name="Value"
          placeholder="Value"
          type="text"
          value="{"date":"2021-10-27T07:49:14.896Z","hasError":false,"fields":[{"id":"4c212130","prop":"iban","value":"DE81200505501265402568"}]}"
        />
        <button
          name="update"
        >
          Update
        </button>
      </span>
    </label>
  </fieldset>
  <div
    class="_root_60b9b3"
  >
    <div
      class=""
    >
      <button
        class="_keyButton_acb69a"
      >
        date
      </button>
      : 
      '2021-10-27T07:49:14.896Z'
      ,
    </div>
    <div
      class=""
    >
      <button
        class="_keyButton_acb69a"
      >
        hasError
      </button>
      : 
      false
      ,
    </div>
    <div
      class=""
    >
      <button
        class="_keyButton_acb69a"
      >
        fields
      </button>
      : 
      [
      <div
        class="_indent_acb69a"
      >
        {
        <div
          class="_indent_acb69a"
        >
          <button
            class="_keyButton_acb69a"
          >
            id
          </button>
          : 
          '4c212130'
          ,
        </div>
        <div
          class="_indent_acb69a"
        >
          <button
            class="_keyButton_acb69a"
          >
            prop
          </button>
          : 
          'iban'
          ,
        </div>
        <div
          class="_indent_acb69a"
        >
          <button
            class="_keyButton_acb69a"
          >
            value
          </button>
          : 
          'DE81200505501265402568'
          ,
        </div>
        }
        ,
      </div>
      ]
      ,
    </div>
  </div>
</div>
`;
